[27/08/2026  9:00:02,42] Iniciando scanner de bug bounty 
[2026-08-27T12:00:47.583Z] Varredura completa: 13 contratos Clarity + 0 arquivos (JS/TS+Go+JVM+Swift) checados, 0 erros de busca, 0 achados NOVOS na fila.
warning: in the working copy of 'ledger/ledger.research.jsonl', LF will be replaced by CRLF the next time Git touches it
warning: in the working copy of 'ledger/ledger.shadow.jsonl', LF will be replaced by CRLF the next time Git touches it
warning: in the working copy of 'logs/market-maker-shadow.log', LF will be replaced by CRLF the next time Git touches it
warning: in the working copy of 'research/bugbounty/scanner-seen-repo-shas.json', LF will be replaced by CRLF the next time Git touches it
warning: in the working copy of 'research/bugbounty/scanner-seen.json', LF will be replaced by CRLF the next time Git touches it
warning: in the working copy of 'research/bugbounty/stackingdao/dao.clar', LF will be replaced by CRLF the next time Git touches it
warning: in the working copy of 'research/bugbounty/stackingdao/data-stbtc-v1.clar', LF will be replaced by CRLF the next time Git touches it
warning: in the working copy of 'research/bugbounty/stackingdao/data-stx-v2.clar', LF will be replaced by CRLF the next time Git touches it
warning: in the working copy of 'research/bugbounty/stackingdao/signer-admin-v1.clar', LF will be replaced by CRLF the next time Git touches it
warning: in the working copy of 'research/bugbounty/stackingdao/stacker-1.clar', LF will be replaced by CRLF the next time Git touches it
warning: in the working copy of 'research/bugbounty/stackingdao/stacker-2.clar', LF will be replaced by CRLF the next time Git touches it
warning: in the working copy of 'research/bugbounty/stackingdao/stacker-3.clar', LF will be replaced by CRLF the next time Git touches it
warning: in the working copy of 'research/bugbounty/stackingdao/stacking-dao-core-btc-v3.clar', LF will be replaced by CRLF the next time Git touches it
warning: in the working copy of 'research/bugbounty/stackingdao/stacking-dao-core-ststxbtc-v1.clar', LF will be replaced by CRLF the next time Git touches it
warning: in the working copy of 'research/bugbounty/stackingdao/stbtc-reserve.clar', LF will be replaced by CRLF the next time Git touches it
warning: in the working copy of 'research/bugbounty/stackingdao/stbtc-token.clar', LF will be replaced by CRLF the next time Git touches it
warning: in the working copy of 'research/bugbounty/stackingdao/ststx-token.clar', LF will be replaced by CRLF the next time Git touches it
warning: in the working copy of 'research/bugbounty/stackingdao/stx-reserve-v2.clar', LF will be replaced by CRLF the next time Git touches it
To https://github.com/Genezera/ZeroToOne.git
   ec3d1dd..2fd3446  master -> master
[28/08/2026  9:00:02,81] Iniciando scanner de bug bounty 
^C[28/08/2026 11:21:56,32] Iniciando scanner de bug bounty 
[2026-08-28T14:22:45.095Z] Varredura completa: 13 contratos Clarity + 0 arquivos (JS/TS+Go+JVM+Swift) checados, 0 erros de busca, 0 achados NOVOS na fila.
warning: in the working copy of 'ledger/ledger.research.jsonl', LF will be replaced by CRLF the next time Git touches it
warning: in the working copy of 'logs/bugbounty-scanner.log', LF will be replaced by CRLF the next time Git touches it
warning: in the working copy of 'research/bugbounty/scanner-seen-repo-shas.json', LF will be replaced by CRLF the next time Git touches it
warning: in the working copy of 'research/bugbounty/scanner-seen.json', LF will be replaced by CRLF the next time Git touches it
warning: in the working copy of 'research/bugbounty/stackingdao/stacker-3.clar', LF will be replaced by CRLF the next time Git touches it
warning: in the working copy of 'system/bugbounty-scanner/run-scan-hidden.vbs', LF will be replaced by CRLF the next time Git touches it
warning: in the working copy of 'system/daily-floor/run-daily-hidden.vbs', LF will be replaced by CRLF the next time Git touches it
warning: in the working copy of 'system/market-maker/run-shadow-hidden.vbs', LF will be replaced by CRLF the next time Git touches it
To https://github.com/Genezera/ZeroToOne.git
   2fd3446..20ea30b  master -> master
[29/08/2026  9:00:03,89] Iniciando scanner de bug bounty 
[2026-08-29T12:01:00.283Z] Varredura completa: 13 contratos Clarity + 0 arquivos (JS/TS+Go+JVM+Swift) + 0 manifesto(s) de dependência checados, 0 erros de busca, 0 achados NOVOS na fila (0 de dependência conhecida), 0 veredito(s) novo(s)/mudado(s).
warning: in the working copy of 'ledger/ledger.research.jsonl', LF will be replaced by CRLF the next time Git touches it
warning: in the working copy of 'logs/bugbounty-scanner.log', LF will be replaced by CRLF the next time Git touches it
warning: in the working copy of 'research/bugbounty/STATUS.md', LF will be replaced by CRLF the next time Git touches it
warning: in the working copy of 'research/bugbounty/dashboard/index.html', LF will be replaced by CRLF the next time Git touches it
warning: in the working copy of 'research/bugbounty/heuristic-stats.json', LF will be replaced by CRLF the next time Git touches it
warning: in the working copy of 'research/bugbounty/heuristic-stats.md', LF will be replaced by CRLF the next time Git touches it
warning: in the working copy of 'research/bugbounty/scanner-seen-repo-shas.json', LF will be replaced by CRLF the next time Git touches it
warning: in the working copy of 'research/bugbounty/scanner-seen-verdicts.json', LF will be replaced by CRLF the next time Git touches it
warning: in the working copy of 'research/bugbounty/scanner-seen.json', LF will be replaced by CRLF the next time Git touches it
warning: in the working copy of 'research/bugbounty/stackingdao/dao.clar', LF will be replaced by CRLF the next time Git touches it
warning: in the working copy of 'research/bugbounty/stackingdao/data-stbtc-v1.clar', LF will be replaced by CRLF the next time Git touches it
warning: in the working copy of 'research/bugbounty/stackingdao/data-stx-v2.clar', LF will be replaced by CRLF the next time Git touches it
warning: in the working copy of 'research/bugbounty/stackingdao/signer-admin-v1.clar', LF will be replaced by CRLF the next time Git touches it
warning: in the working copy of 'research/bugbounty/stackingdao/stacker-1.clar', LF will be replaced by CRLF the next time Git touches it
warning: in the working copy of 'research/bugbounty/stackingdao/stacker-2.clar', LF will be replaced by CRLF the next time Git touches it
warning: in the working copy of 'research/bugbounty/stackingdao/stacker-3.clar', LF will be replaced by CRLF the next time Git touches it
warning: in the working copy of 'research/bugbounty/stackingdao/stacking-dao-core-btc-v3.clar', LF will be replaced by CRLF the next time Git touches it
warning: in the working copy of 'research/bugbounty/stackingdao/stacking-dao-core-ststxbtc-v1.clar', LF will be replaced by CRLF the next time Git touches it
warning: in the working copy of 'research/bugbounty/stackingdao/stbtc-reserve.clar', LF will be replaced by CRLF the next time Git touches it
warning: in the working copy of 'research/bugbounty/stackingdao/stbtc-token.clar', LF will be replaced by CRLF the next time Git touches it
warning: in the working copy of 'research/bugbounty/stackingdao/ststx-token.clar', LF will be replaced by CRLF the next time Git touches it
warning: in the working copy of 'research/bugbounty/stackingdao/stx-reserve-v2.clar', LF will be replaced by CRLF the next time Git touches it
To https://github.com/Genezera/ZeroToOne.git
 ! [rejected]        master -> master (fetch first)
error: failed to push some refs to 'https://github.com/Genezera/ZeroToOne.git'
hint: Updates were rejected because the remote contains work that you do not
hint: have locally. This is usually caused by another repository pushing to
hint: the same ref. If you want to integrate the remote changes, use
hint: 'git pull' before pushing again.
hint: See the 'Note about fast-forwards' in 'git push --help' for details.
[2026-08-29T12:01:03.449Z] AVISO: falha ao sincronizar estado sem achados: Command failed: git push
To https://github.com/Genezera/ZeroToOne.git
 ! [rejected]        master -> master (fetch first)
error: failed to push some refs to 'https://github.com/Genezera/ZeroToOne.git'
hint: Updates were rejected because the remote contains work that you do not
hint: have locally. This is usually caused by another repository pushing to
hint: the same ref. If you want to integrate the remote changes, use
hint: 'git pull' before pushing again.
hint: See the 'Note about fast-forwards' in 'git push --help' for details.

[30/08/2026  9:20:40,07] Iniciando scanner de bug bounty 
[2026-08-30T12:21:35.285Z] Varredura completa: 13 contratos Clarity + 0 arquivos (JS/TS+Go+JVM+Swift) + 0 manifesto(s) de dependência checados, 0 erros de busca, 0 achados NOVOS na fila (0 de dependência conhecida), 5 veredito(s) novo(s)/mudado(s).
warning: in the working copy of 'ledger/ledger.research.jsonl', LF will be replaced by CRLF the next time Git touches it
warning: in the working copy of 'logs/bugbounty-scanner.log', LF will be replaced by CRLF the next time Git touches it
warning: in the working copy of 'research/bugbounty/STATUS.md', LF will be replaced by CRLF the next time Git touches it
warning: in the working copy of 'research/bugbounty/dashboard/index.html', LF will be replaced by CRLF the next time Git touches it
warning: in the working copy of 'research/bugbounty/heuristic-stats.json', LF will be replaced by CRLF the next time Git touches it
warning: in the working copy of 'research/bugbounty/heuristic-stats.md', LF will be replaced by CRLF the next time Git touches it
warning: in the working copy of 'research/bugbounty/scanner-seen-repo-shas.json', LF will be replaced by CRLF the next time Git touches it
warning: in the working copy of 'research/bugbounty/scanner-seen-verdicts.json', LF will be replaced by CRLF the next time Git touches it
warning: in the working copy of 'research/bugbounty/scanner-seen.json', LF will be replaced by CRLF the next time Git touches it
warning: in the working copy of 'research/bugbounty/stackingdao/dao.clar', LF will be replaced by CRLF the next time Git touches it
warning: in the working copy of 'research/bugbounty/stackingdao/data-stbtc-v1.clar', LF will be replaced by CRLF the next time Git touches it
warning: in the working copy of 'research/bugbounty/stackingdao/data-stx-v2.clar', LF will be replaced by CRLF the next time Git touches it
warning: in the working copy of 'research/bugbounty/stackingdao/signer-admin-v1.clar', LF will be replaced by CRLF the next time Git touches it
warning: in the working copy of 'research/bugbounty/stackingdao/stacker-1.clar', LF will be replaced by CRLF the next time Git touches it
warning: in the working copy of 'research/bugbounty/stackingdao/stacker-2.clar', LF will be replaced by CRLF the next time Git touches it
warning: in the working copy of 'research/bugbounty/stackingdao/stacker-3.clar', LF will be replaced by CRLF the next time Git touches it
warning: in the working copy of 'research/bugbounty/stackingdao/stacking-dao-core-btc-v3.clar', LF will be replaced by CRLF the next time Git touches it
warning: in the working copy of 'research/bugbounty/stackingdao/stacking-dao-core-ststxbtc-v1.clar', LF will be replaced by CRLF the next time Git touches it
warning: in the working copy of 'research/bugbounty/stackingdao/stbtc-reserve.clar', LF will be replaced by CRLF the next time Git touches it
warning: in the working copy of 'research/bugbounty/stackingdao/stbtc-token.clar', LF will be replaced by CRLF the next time Git touches it
warning: in the working copy of 'research/bugbounty/stackingdao/ststx-token.clar', LF will be replaced by CRLF the next time Git touches it
warning: in the working copy of 'research/bugbounty/stackingdao/stx-reserve-v2.clar', LF will be replaced by CRLF the next time Git touches it
To https://github.com/Genezera/ZeroToOne.git
 ! [rejected]        master -> master (fetch first)
error: failed to push some refs to 'https://github.com/Genezera/ZeroToOne.git'
hint: Updates were rejected because the remote contains work that you do not
hint: have locally. This is usually caused by another repository pushing to
hint: the same ref. If you want to integrate the remote changes, use
hint: 'git pull' before pushing again.
hint: See the 'Note about fast-forwards' in 'git push --help' for details.
[2026-08-30T12:21:37.733Z] AVISO: falha ao sincronizar estado sem achados: Command failed: git push
To https://github.com/Genezera/ZeroToOne.git
 ! [rejected]        master -> master (fetch first)
error: failed to push some refs to 'https://github.com/Genezera/ZeroToOne.git'
hint: Updates were rejected because the remote contains work that you do not
hint: have locally. This is usually caused by another repository pushing to
hint: the same ref. If you want to integrate the remote changes, use
hint: 'git pull' before pushing again.
hint: See the 'Note about fast-forwards' in 'git push --help' for details.

[31/08/2026  9:00:01,65] Iniciando scanner de bug bounty 
[2026-08-31T12:00:56.823Z] Varredura completa: 13 contratos Clarity + 0 arquivos (JS/TS+Go+JVM+Swift) + 0 manifesto(s) de dependência checados, 0 erros de busca, 0 achados NOVOS na fila (0 de dependência conhecida), 8 veredito(s) novo(s)/mudado(s).
warning: in the working copy of 'ledger/ledger.research.jsonl', LF will be replaced by CRLF the next time Git touches it
warning: in the working copy of 'logs/bugbounty-scanner.log', LF will be replaced by CRLF the next time Git touches it
warning: in the working copy of 'research/bugbounty/STATUS.md', LF will be replaced by CRLF the next time Git touches it
warning: in the working copy of 'research/bugbounty/dashboard/index.html', LF will be replaced by CRLF the next time Git touches it
warning: in the working copy of 'research/bugbounty/heuristic-stats.json', LF will be replaced by CRLF the next time Git touches it
warning: in the working copy of 'research/bugbounty/heuristic-stats.md', LF will be replaced by CRLF the next time Git touches it
warning: in the working copy of 'research/bugbounty/reports/circle-bbp-solana-gateway-denylist-withdrawal.md', LF will be replaced by CRLF the next time Git touches it
warning: in the working copy of 'research/bugbounty/scanner-seen-repo-shas.json', LF will be replaced by CRLF the next time Git touches it
warning: in the working copy of 'research/bugbounty/scanner-seen-verdicts.json', LF will be replaced by CRLF the next time Git touches it
warning: in the working copy of 'research/bugbounty/scanner-seen.json', LF will be replaced by CRLF the next time Git touches it
warning: in the working copy of 'research/bugbounty/stackingdao/data-stbtc-v1.clar', LF will be replaced by CRLF the next time Git touches it
warning: in the working copy of 'research/bugbounty/stackingdao/data-stx-v2.clar', LF will be replaced by CRLF the next time Git touches it
warning: in the working copy of 'research/bugbounty/stackingdao/stacker-1.clar', LF will be replaced by CRLF the next time Git touches it
warning: in the working copy of 'research/bugbounty/stackingdao/stacker-2.clar', LF will be replaced by CRLF the next time Git touches it
warning: in the working copy of 'research/bugbounty/stackingdao/stacker-3.clar', LF will be replaced by CRLF the next time Git touches it
warning: in the working copy of 'research/bugbounty/stackingdao/stacking-dao-core-btc-v3.clar', LF will be replaced by CRLF the next time Git touches it
warning: in the working copy of 'research/bugbounty/stackingdao/stacking-dao-core-ststxbtc-v1.clar', LF will be replaced by CRLF the next time Git touches it
warning: in the working copy of 'system/bugbounty-scanner/targets-go.mjs', LF will be replaced by CRLF the next time Git touches it
warning: in the working copy of 'system/bugbounty-scanner/targets-jvm.mjs', LF will be replaced by CRLF the next time Git touches it
warning: in the working copy of 'system/bugbounty-scanner/targets-swift.mjs', LF will be replaced by CRLF the next time Git touches it
To https://github.com/Genezera/ZeroToOne.git
   2fd85ca..91dbc2d  master -> master
[31/08/2026 14:58:06,22] Iniciando scanner de bug bounty 
[2026-08-31T17:59:11.084Z] AVISO: vercel/vercel tem 1272 arquivos rastreáveis, cortando para os primeiros 450 (não silencioso — registrado aqui).
[2026-08-31T18:01:49.850Z] Varredura completa: 13 contratos Clarity + 588 arquivos (JS/TS+Go+JVM+Swift) + 15 manifesto(s) de dependência checados, 1 erros de busca, 14 achados NOVOS na fila (0 de dependência conhecida), 1 veredito(s) novo(s)/mudado(s), 50 suprimido(s) por regra em quarentena (ver quarantine-status.md).
warning: in the working copy of 'ledger/ledger.research.jsonl', LF will be replaced by CRLF the next time Git touches it
warning: in the working copy of 'logs/bugbounty-scanner.log', LF will be replaced by CRLF the next time Git touches it
warning: in the working copy of 'research/bugbounty/STATUS.md', LF will be replaced by CRLF the next time Git touches it
warning: in the working copy of 'research/bugbounty/dashboard/index.html', LF will be replaced by CRLF the next time Git touches it
warning: in the working copy of 'research/bugbounty/heuristic-stats.json', LF will be replaced by CRLF the next time Git touches it
warning: in the working copy of 'research/bugbounty/heuristic-stats.md', LF will be replaced by CRLF the next time Git touches it
warning: in the working copy of 'research/bugbounty/quarantine-status.md', LF will be replaced by CRLF the next time Git touches it
warning: in the working copy of 'research/bugbounty/queue.jsonl', LF will be replaced by CRLF the next time Git touches it
warning: in the working copy of 'research/bugbounty/scanner-seen-repo-shas.json', LF will be replaced by CRLF the next time Git touches it
warning: in the working copy of 'research/bugbounty/scanner-seen-verdicts.json', LF will be replaced by CRLF the next time Git touches it
warning: in the working copy of 'research/bugbounty/scanner-seen.json', LF will be replaced by CRLF the next time Git touches it
warning: in the working copy of 'research/bugbounty/stackingdao/dao.clar', LF will be replaced by CRLF the next time Git touches it
warning: in the working copy of 'research/bugbounty/stackingdao/data-stbtc-v1.clar', LF will be replaced by CRLF the next time Git touches it
warning: in the working copy of 'research/bugbounty/stackingdao/data-stx-v2.clar', LF will be replaced by CRLF the next time Git touches it
warning: in the working copy of 'research/bugbounty/stackingdao/signer-admin-v1.clar', LF will be replaced by CRLF the next time Git touches it
warning: in the working copy of 'research/bugbounty/stackingdao/stacker-1.clar', LF will be replaced by CRLF the next time Git touches it
warning: in the working copy of 'research/bugbounty/stackingdao/stacker-2.clar', LF will be replaced by CRLF the next time Git touches it
warning: in the working copy of 'research/bugbounty/stackingdao/stacker-3.clar', LF will be replaced by CRLF the next time Git touches it
warning: in the working copy of 'research/bugbounty/stackingdao/stacking-dao-core-btc-v3.clar', LF will be replaced by CRLF the next time Git touches it
warning: in the working copy of 'research/bugbounty/stackingdao/stacking-dao-core-ststxbtc-v1.clar', LF will be replaced by CRLF the next time Git touches it
warning: in the working copy of 'research/bugbounty/stackingdao/stbtc-reserve.clar', LF will be replaced by CRLF the next time Git touches it
warning: in the working copy of 'research/bugbounty/stackingdao/stbtc-token.clar', LF will be replaced by CRLF the next time Git touches it
warning: in the working copy of 'research/bugbounty/stackingdao/ststx-token.clar', LF will be replaced by CRLF the next time Git touches it
warning: in the working copy of 'research/bugbounty/stackingdao/stx-reserve-v2.clar', LF will be replaced by CRLF the next time Git touches it
warning: in the working copy of 'system/bugbounty-scanner/run-discovery-hidden.vbs', LF will be replaced by CRLF the next time Git touches it
warning: in the working copy of 'system/bugbounty-scanner/run-discovery.cmd', LF will be replaced by CRLF the next time Git touches it
warning: in the working copy of 'system/bugbounty-scanner/run-scan-hidden.vbs', LF will be replaced by CRLF the next time Git touches it
warning: in the working copy of 'system/bugbounty-scanner/run-scan.cmd', LF will be replaced by CRLF the next time Git touches it
warning: in the working copy of 'system/daily-floor/run-daily-hidden.vbs', LF will be replaced by CRLF the next time Git touches it
warning: in the working copy of 'system/daily-floor/run-daily.cmd', LF will be replaced by CRLF the next time Git touches it
warning: in the working copy of 'system/market-maker/run-shadow-hidden.vbs', LF will be replaced by CRLF the next time Git touches it
warning: in the working copy of 'system/market-maker/run-shadow.cmd', LF will be replaced by CRLF the next time Git touches it
To https://github.com/Genezera/ZeroToOne.git
   5426422..0af8ed1  master -> master
[2026-08-31T18:01:54.252Z] Sincronizado com o GitHub — agente de nuvem vai ver na próxima checagem.
[01/09/2026  9:00:02,11] Iniciando scanner de bug bounty 
[2026-09-01T12:01:14.182Z] AVISO: vercel/vercel tem 1272 arquivos rastreáveis, cortando para os primeiros 450 priorizando quem nunca foi escaneado (não silencioso — registrado aqui).
[2026-09-01T12:03:06.813Z] AVISO: okx/go-wallet-sdk tem 1001 arquivos rastreáveis, cortando para os primeiros 450 priorizando quem nunca foi escaneado (não silencioso — registrado aqui).
[2026-09-01T12:05:02.164Z] AVISO: kubernetes/code-generator tem 795 arquivos rastreáveis, cortando para os primeiros 450 priorizando quem nunca foi escaneado (não silencioso — registrado aqui).
[2026-09-01T12:08:42.558Z] Varredura completa: 13 contratos Clarity + 1548 arquivos (JS/TS+Go+JVM+Swift) + 16 manifesto(s) de dependência checados, 0 erros de busca, 32 achados NOVOS na fila (31 de dependência conhecida), 88 veredito(s) novo(s)/mudado(s), 6 suprimido(s) por regra em quarentena (ver quarantine-status.md).
warning: in the working copy of 'ledger/ledger.research.jsonl', LF will be replaced by CRLF the next time Git touches it
warning: in the working copy of 'logs/bugbounty-scanner.log', LF will be replaced by CRLF the next time Git touches it
warning: in the working copy of 'research/bugbounty/STATUS.md', LF will be replaced by CRLF the next time Git touches it
warning: in the working copy of 'research/bugbounty/dashboard/index.html', LF will be replaced by CRLF the next time Git touches it
warning: in the working copy of 'research/bugbounty/heuristic-stats.json', LF will be replaced by CRLF the next time Git touches it
warning: in the working copy of 'research/bugbounty/heuristic-stats.md', LF will be replaced by CRLF the next time Git touches it
warning: in the working copy of 'research/bugbounty/quarantine-status.md', LF will be replaced by CRLF the next time Git touches it
warning: in the working copy of 'research/bugbounty/queue.jsonl', LF will be replaced by CRLF the next time Git touches it
warning: in the working copy of 'research/bugbounty/scanner-seen-repo-shas.json', LF will be replaced by CRLF the next time Git touches it
warning: in the working copy of 'research/bugbounty/scanner-seen-verdicts.json', LF will be replaced by CRLF the next time Git touches it
warning: in the working copy of 'research/bugbounty/scanner-seen.json', LF will be replaced by CRLF the next time Git touches it
warning: in the working copy of 'research/bugbounty/stackingdao/dao.clar', LF will be replaced by CRLF the next time Git touches it
warning: in the working copy of 'research/bugbounty/stackingdao/data-stbtc-v1.clar', LF will be replaced by CRLF the next time Git touches it
warning: in the working copy of 'research/bugbounty/stackingdao/data-stx-v2.clar', LF will be replaced by CRLF the next time Git touches it
warning: in the working copy of 'research/bugbounty/stackingdao/signer-admin-v1.clar', LF will be replaced by CRLF the next time Git touches it
warning: in the working copy of 'research/bugbounty/stackingdao/stacker-1.clar', LF will be replaced by CRLF the next time Git touches it
warning: in the working copy of 'research/bugbounty/stackingdao/stacker-2.clar', LF will be replaced by CRLF the next time Git touches it
warning: in the working copy of 'research/bugbounty/stackingdao/stacker-3.clar', LF will be replaced by CRLF the next time Git touches it
warning: in the working copy of 'research/bugbounty/stackingdao/stacking-dao-core-btc-v3.clar', LF will be replaced by CRLF the next time Git touches it
warning: in the working copy of 'research/bugbounty/stackingdao/stacking-dao-core-ststxbtc-v1.clar', LF will be replaced by CRLF the next time Git touches it
warning: in the working copy of 'research/bugbounty/stackingdao/stbtc-reserve.clar', LF will be replaced by CRLF the next time Git touches it
warning: in the working copy of 'research/bugbounty/stackingdao/stbtc-token.clar', LF will be replaced by CRLF the next time Git touches it
warning: in the working copy of 'research/bugbounty/stackingdao/ststx-token.clar', LF will be replaced by CRLF the next time Git touches it
warning: in the working copy of 'research/bugbounty/stackingdao/stx-reserve-v2.clar', LF will be replaced by CRLF the next time Git touches it
warning: in the working copy of 'research/bugbounty/telegram-digest-checkpoint.json', LF will be replaced by CRLF the next time Git touches it
warning: in the working copy of 'research/bugbounty/reports/vercel-remix-updater-workflow-command-injection.md', LF will be replaced by CRLF the next time Git touches it
[2026-09-01T12:08:46.507Z] AVISO: git push falhou (provável divergência com origin) -- tentando pull + push uma vez: Command failed: git push
[2026-09-01T12:08:49.298Z] AVISO: pull de recuperação falhou (provável conflito de verdade) -- abortando merge parcial e desistindo desta rodada: Command failed: git pull --no-rebase --no-edit
[2026-09-01T12:08:49.369Z] AVISO: falha ao sincronizar com o GitHub: pull de recuperação falhou: Command failed: git pull --no-rebase --no-edit
[02/09/2026  9:00:01,89] Iniciando scanner de bug bounty 
[2026-09-02T12:00:05.384Z] AVISO: git pull antes da rodada falhou (Command failed: git pull --no-rebase --no-edit) -- seguindo com o estado local atual
[2026-09-02T12:01:06.073Z] AVISO: vercel/vercel tem 1272 arquivos rastreáveis, cortando para os primeiros 450 priorizando quem nunca foi escaneado (não silencioso — registrado aqui).
[2026-09-02T12:01:12.941Z] AVISO: okx/go-wallet-sdk tem 1001 arquivos rastreáveis, cortando para os primeiros 450 priorizando quem nunca foi escaneado (não silencioso — registrado aqui).
[2026-09-02T12:01:16.571Z] AVISO: kubernetes/code-generator tem 795 arquivos rastreáveis, cortando para os primeiros 450 priorizando quem nunca foi escaneado (não silencioso — registrado aqui).
